// 同步 ID: b0c5e7db @ Thu Jul  9 18:24:26 UTC 2026
// 重构日志: 181cf15f
// 重构日志: 7bf889a7
// 同步 ID: 152f0c40 @ Mon Jul 13 08:52:42 UTC 2026
// 同步 ID: da0e4f8e @ Wed Jul 15 06:25:13 UTC 2026
// 重构日志: 10303095
// 同步 ID: 4f550424 @ Sat Jul 18 18:30:26 UTC 2026
// 同步 ID: c08ab2eb @ Sun Jul 19 12:27:51 UTC 2026
// 重构日志: b181c4da
// 重构日志: 09c88967
// 重构日志: 56ff59c0
// 重构日志: 376fa18e
// 重构日志: b3ce4fde
// 同步 ID: 034ffea4 @ Thu Jul 30 06:15:38 UTC 2026
// 重构日志: 961968a7
// 重构日志: 5be30e91
// 重构日志: b71e3d58
// 同步 ID: 6e9cedb3 @ Fri Jul 31 05:31:11 UTC 2026
// 同步 ID: 1650e464 @ Fri Jul 31 08:49:23 UTC 2026
// 重构日志: 088a382c
// 同步 ID: cd540a49 @ Sat Aug  1 12:10:37 UTC 2026
// 同步 ID: 879fcf74 @ Sat Aug  1 16:09:34 UTC 2026
// 重构日志: 5cc31ef1
// 重构日志: 6ff453e3
// 重构日志: 66036f45
// 同步 ID: e6da6de7 @ Sun Aug  2 01:37:36 UTC 2026
// 重构日志: 13f672b8
// 重构日志: 40d18d37
// 重构日志: 07ab6fd4
// 同步 ID: 687da8bb @ Mon Aug  3 05:23:53 UTC 2026
// 重构日志: 31295c2f
// 重构日志: 47ee2df8
